\BOOKMARK [1][-]{section.1}{\376\377\170\024\172\166\225\356\230\230}{}% 1
\BOOKMARK [2][-]{subsection.1.1}{\376\377\166\356\150\007\225\356\230\230}{section.1}% 2
\BOOKMARK [2][-]{subsection.1.2}{\376\377\145\271\154\325\211\201\154\102}{section.1}% 3
\BOOKMARK [2][-]{subsection.1.3}{\376\377\000R\000o\000P\000E\000\040\116\016\123\206\123\362\000\040\000K\000V}{section.1}% 4
\BOOKMARK [1][-]{section.2}{\376\377\142\275\123\141\201\352\122\250\000r\000e\000v\000i\000e\000w\150\007\121\306}{}% 5
\BOOKMARK [1][-]{section.3}{\376\377\137\123\122\115\000\040\000V\000L\000e\000s\000s\000H\000a\000l\000l\000u\000\040\135\345\172\013}{}% 6
\BOOKMARK [0][-]{part.1}{\376\377\173\054\116\000\220\350\122\006\000\040\142\113\122\250\133\241\147\345\124\016\131\061\215\045\166\204\121\170\127\213\000i\000d\000e\000a}{}% 7
\BOOKMARK [1][-]{section.4}{\376\377\000P\000r\000o\000s\000p\000e\000c\000t\000i\000v\000e\000\040\000E\000v\000i\000d\000e\000n\000c\000e\000\040\000C\000o\000a\000l\000i\000t\000i\000o\000n\000\040\000K\000V\000\040\000C\000o\000n\000t\000r\000o\000l}{part.1}% 8
\BOOKMARK [2][-]{subsection.4.1}{\376\377\123\237\131\313\145\271\150\110}{section.4}% 9
\BOOKMARK [2][-]{subsection.4.2}{\376\377\165\050\142\067\215\050\165\221\116\000\377\032\142\100\214\023\147\052\147\145\230\204\155\113\123\352\146\057\131\032\153\145\215\052\137\303}{section.4}% 10
\BOOKMARK [2][-]{subsection.4.3}{\376\377\165\050\142\067\215\050\165\221\116\214\377\032\213\241\173\227\221\317\116\015\123\357\143\245\123\327}{section.4}% 11
\BOOKMARK [2][-]{subsection.4.4}{\376\377\147\000\176\310\122\044\145\255}{section.4}% 12
\BOOKMARK [1][-]{section.5}{\376\377\000H\000a\000l\000l\000-\000C\000e\000r\000t\000i\000f\000i\000e\000d\000\040\000P\000r\000o\000s\000p\000e\000c\000t\000i\000v\000e\000\040\000M\000a\000t\000c\000h\000i\000n\000g\000\040\000C\000a\000c\000h\000e}{part.1}% 13
\BOOKMARK [2][-]{subsection.5.1}{\376\377\123\237\131\313\122\250\147\072\377\032\220\020\230\171\123\357\117\341\116\015\173\111\116\216\200\124\124\010\123\357\156\341\215\263}{section.5}% 14
\BOOKMARK [2][-]{subsection.5.2}{\376\377\123\237\131\313\173\227\154\325\213\276\213\241}{section.5}% 15
\BOOKMARK [3][-]{subsubsection.5.2.1}{\376\377\147\052\147\145\133\236\117\123\116\016\211\306\211\311\133\236\117\213}{subsection.5.2}% 16
\BOOKMARK [3][-]{subsubsection.5.2.2}{\376\377\000C\000l\000a\000i\000m\040\023\000r\000e\000g\000i\000o\000n\000\040\217\271\147\103}{subsection.5.2}% 17
\BOOKMARK [3][-]{subsubsection.5.2.3}{\376\377\000H\000a\000l\000l\000\040\213\301\116\146\116\016\147\000\134\017\140\142\131\015}{subsection.5.2}% 18
\BOOKMARK [2][-]{subsection.5.3}{\376\377\165\050\142\067\215\050\165\221\116\000\377\032\121\155\150\071\142\113\143\007\145\160\142\020\116\224\150\071\136\166\227\136\000\040\000H\000a\000l\000l\000\040\000d\000e\000f\000i\000c\000i\000e\000n\000c\000y}{section.5}% 19
\BOOKMARK [2][-]{subsection.5.4}{\376\377\165\050\142\067\215\050\165\221\116\214\377\032\217\271\147\103\146\057\124\046\167\037\166\204\117\030\116\216\000\040\000a\000t\000t\000e\000n\000t\000i\000o\000n}{section.5}% 20
\BOOKMARK [2][-]{subsection.5.5}{\376\377\116\016\147\000\166\370\217\321\000\040\000c\000o\000u\000n\000t\000i\000n\000g\000\040\135\345\117\134\166\204\153\324\217\203}{section.5}% 21
\BOOKMARK [2][-]{subsection.5.6}{\376\377\146\364\136\177\000\040\000r\000e\000l\000a\000t\000e\000d\000\040\000w\000o\000r\000k\000\040\217\271\165\114}{section.5}% 22
\BOOKMARK [2][-]{subsection.5.7}{\376\377\147\000\176\310\122\044\145\255\377\032\173\227\154\325\122\007\123\343\162\354\162\171\377\014\117\106\117\134\116\072\145\271\154\325\146\057\116\013\117\115\146\377\116\343}{section.5}% 23
\BOOKMARK [1][-]{section.6}{\376\377\000F\000u\000t\000u\000r\000e\000\040\000M\000a\000r\000g\000i\000n\000\040\000B\000a\000s\000i\000s\000\040\000C\000a\000c\000h\000e}{part.1}% 24
\BOOKMARK [2][-]{subsection.6.1}{\376\377\123\237\131\313\122\250\147\072\116\016\173\227\154\325}{section.6}% 25
\BOOKMARK [2][-]{subsection.6.2}{\376\377\173\054\116\000\134\102\225\356\230\230\377\032\176\277\140\047\137\040\142\020\116\015\173\111\116\216\117\335\165\131\133\236\226\105\000\040\000m\000a\000r\000g\000i\000n}{section.6}% 26
\BOOKMARK [2][-]{subsection.6.3}{\376\377\165\050\142\067\166\204\121\163\225\056\123\315\232\163\377\032\225\031\213\357\127\060\227\131\140\001\123\026\201\352\126\336\137\122\147\345\213\342}{section.6}% 27
\BOOKMARK [2][-]{subsection.6.4}{\376\377\173\054\116\214\134\102\225\356\230\230\377\032\000s\000i\000g\000n\000e\000d\000\040\000v\000e\000t\000o\000\040\116\016\000\040\000R\000R\000Q\000R\000\040\116\015\123\071\221\115}{section.6}% 28
\BOOKMARK [2][-]{subsection.6.5}{\376\377\147\072\122\066\176\247\000\040\000r\000e\000l\000a\000t\000e\000d\000-\000w\000o\000r\000k\000\040\147\345\147\100}{section.6}% 29
\BOOKMARK [2][-]{subsection.6.6}{\376\377\147\000\176\310\122\044\145\255}{section.6}% 30
\BOOKMARK [0][-]{part.2}{\376\377\173\054\116\214\220\350\122\006\000\040\140\073\176\323}{}% 31
\BOOKMARK [1][-]{section.7}{\376\377\123\315\131\015\121\372\163\260\166\204\225\031\213\357}{part.2}% 32
\BOOKMARK [2][-]{subsection.7.1}{\376\377\142\020\161\237\173\227\154\325\215\205\176\247\131\047\200\132\124\010}{section.7}% 33
\BOOKMARK [2][-]{subsection.7.2}{\376\377\122\007\121\145\117\074\116\116\137\210\133\371\377\014\133\236\226\105\227\136\136\070\162\355\226\230}{section.7}% 34
\BOOKMARK [2][-]{subsection.7.3}{\376\377\131\032\153\145\230\204\155\113\127\050\201\352\126\336\137\122\165\037\142\020\152\041\137\017\116\013\166\204\116\045\214\050\140\047\225\356\230\230}{section.7}% 35
\BOOKMARK [1][-]{section.8}{\376\377\221\307\165\050\201\352\122\250\171\321\170\024\143\320\171\072\213\315\000,\000\040\217\375\122\240\123\101\217\156}{part.2}% 36
\BOOKMARK [0][-]{part.3}{\376\377\173\054\116\011\220\350\122\006\000\040\133\214\145\164\000I\000d\000e\000a\000\040\0001\040\023\0006\0000\144\130\211\201}{}% 37
