Progress: 149/1004 completed; 855 remaining; run=b9c31fc92696700f
Using a slow image processor as `use_fast` is unset and a slow processor was saved with this model. `use_fast=True` will be the default behavior in v4.50, even if the model was saved with a slow processor. This will result in minor differences in outputs. You'll still be able to use a slow processor with `use_fast=False`.
Loading checkpoint shards:   0%|          | 0/5 [00:00<?, ?it/s]Loading checkpoint shards:  40%|████      | 2/5 [00:00<00:00,  5.67it/s]Loading checkpoint shards:  60%|██████    | 3/5 [00:00<00:00,  4.14it/s]Loading checkpoint shards:  80%|████████  | 4/5 [00:01<00:00,  3.71it/s]Loading checkpoint shards: 100%|██████████| 5/5 [00:01<00:00,  4.58it/s]
[150/1004] processing sample_id=150...
[150/1004] done | tokens=512 | time=18.49s | peak=15.65 GiB
[151/1004] processing sample_id=151...
[151/1004] done | tokens=44 | time=2.31s | peak=18.01 GiB
[152/1004] processing sample_id=152...
[152/1004] done | tokens=39 | time=2.43s | peak=18.04 GiB
[153/1004] processing sample_id=153...
[153/1004] done | tokens=60 | time=3.21s | peak=18.04 GiB
[154/1004] processing sample_id=154...
[154/1004] done | tokens=68 | time=3.54s | peak=18.04 GiB
[155/1004] processing sample_id=155...
[155/1004] done | tokens=59 | time=2.92s | peak=17.93 GiB
[156/1004] processing sample_id=156...
[156/1004] done | tokens=42 | time=2.14s | peak=17.90 GiB
[157/1004] processing sample_id=157...
[157/1004] done | tokens=71 | time=3.53s | peak=18.04 GiB
[158/1004] processing sample_id=158...
[158/1004] done | tokens=34 | time=1.49s | peak=16.05 GiB
[159/1004] processing sample_id=159...
[159/1004] done | tokens=23 | time=1.53s | peak=17.91 GiB
[160/1004] processing sample_id=160...
