Progress: 0/1004 completed; 1004 remaining; run=c72ad886c21e78e4
Using a slow image processor as `use_fast` is unset and a slow processor was saved with this model. `use_fast=True` will be the default behavior in v4.50, even if the model was saved with a slow processor. This will result in minor differences in outputs. You'll still be able to use a slow processor with `use_fast=False`.
Loading checkpoint shards:   0%|          | 0/5 [00:00<?, ?it/s]Loading checkpoint shards:  40%|████      | 2/5 [00:00<00:00,  5.27it/s]Loading checkpoint shards:  60%|██████    | 3/5 [00:00<00:00,  3.75it/s]Loading checkpoint shards:  80%|████████  | 4/5 [00:01<00:00,  3.37it/s]Loading checkpoint shards: 100%|██████████| 5/5 [00:01<00:00,  4.19it/s]
[1/1004] processing sample_id=1...
[1/1004] done | tokens=58 | time=2.83s | peak=15.65 GiB
[2/1004] processing sample_id=2...
[2/1004] done | tokens=151 | time=5.33s | peak=15.65 GiB
[3/1004] processing sample_id=3...
[3/1004] done | tokens=22 | time=0.90s | peak=15.65 GiB
[4/1004] processing sample_id=4...
[4/1004] done | tokens=95 | time=3.44s | peak=15.65 GiB
[5/1004] processing sample_id=5...
[5/1004] done | tokens=512 | time=17.58s | peak=15.66 GiB
[6/1004] processing sample_id=6...
[6/1004] done | tokens=512 | time=17.60s | peak=15.68 GiB
[7/1004] processing sample_id=7...
[7/1004] done | tokens=40 | time=1.53s | peak=15.63 GiB
[8/1004] processing sample_id=8...
[8/1004] done | tokens=34 | time=1.34s | peak=15.65 GiB
[9/1004] processing sample_id=9...
[9/1004] done | tokens=512 | time=17.63s | peak=15.70 GiB
[10/1004] processing sample_id=10...
[10/1004] done | tokens=71 | time=2.60s | peak=15.63 GiB
[11/1004] processing sample_id=11...
{
  "ok": false,
  "error": "CUDA out of memory. Tried to allocate 104.00 MiB. GPU 0 has a total capacity of 23.55 GiB of which 93.38 MiB is free. Including non-PyTorch memory, this process has 0 bytes memory in use. Process 2106 has 0 bytes memory in use. Of the allocated memory 15.64 GiB is allocated by PyTorch, and 28.15 MiB is reserved by PyTorch but unallocated. If reserved but unallocated memory is large try setting PYTORCH_CUDA_ALLOC_CONF=expandable_segments:True to avoid fragmentation.  See documentation for Memory Management  (https://pytorch.org/docs/stable/notes/cuda.html#environment-variables)"
}
Progress: 10/1004 completed; 994 remaining; run=c72ad886c21e78e4
Using a slow image processor as `use_fast` is unset and a slow processor was saved with this model. `use_fast=True` will be the default behavior in v4.50, even if the model was saved with a slow processor. This will result in minor differences in outputs. You'll still be able to use a slow processor with `use_fast=False`.
Loading checkpoint shards:   0%|          | 0/5 [00:00<?, ?it/s]Loading checkpoint shards:  40%|████      | 2/5 [00:00<00:00,  5.56it/s]Loading checkpoint shards:  60%|██████    | 3/5 [00:00<00:00,  4.04it/s]Loading checkpoint shards:  80%|████████  | 4/5 [00:01<00:00,  3.61it/s]Loading checkpoint shards: 100%|██████████| 5/5 [00:01<00:00,  4.46it/s]
[11/1004] processing sample_id=11...
[11/1004] done | tokens=30 | time=1.85s | peak=15.76 GiB
[12/1004] processing sample_id=12...
[12/1004] done | tokens=512 | time=17.68s | peak=15.68 GiB
[13/1004] processing sample_id=13...
[13/1004] done | tokens=50 | time=1.95s | peak=15.72 GiB
[14/1004] processing sample_id=14...
[14/1004] done | tokens=26 | time=1.02s | peak=15.63 GiB
[15/1004] processing sample_id=15...
[15/1004] done | tokens=57 | time=2.17s | peak=15.65 GiB
[16/1004] processing sample_id=16...
[16/1004] done | tokens=94 | time=3.42s | peak=15.65 GiB
[17/1004] processing sample_id=17...
[17/1004] done | tokens=62 | time=2.32s | peak=15.67 GiB
[18/1004] processing sample_id=18...
[18/1004] done | tokens=96 | time=3.46s | peak=15.65 GiB
[19/1004] processing sample_id=19...
